<html>
<body>
<pre>
<h1>µVision Build Log</h1>
<h2>Tool Versions:</h2>
IDE-Version: ¦ÌVision V5.33.0.0
Copyright (C) 2020 ARM Ltd and ARM Germany GmbH. All rights reserved.
License Information: AA AA, AA, LIC=BUURY-I8IXV-LQU0Q-NMZEI-U4XU1-ISSPK
 
Tool Versions:
Toolchain:       MDK-ARM Plus  Version: 5.33.0.0
Toolchain Path:  D:\Keil_v5\ARM\ARMCC\Bin
C Compiler:      Armcc.exe V5.06 update 7 (build 960)
Assembler:       Armasm.exe V5.06 update 7 (build 960)
Linker/Locator:  ArmLink.exe V5.06 update 7 (build 960)
Library Manager: ArmAr.exe V5.06 update 7 (build 960)
Hex Converter:   FromElf.exe V5.06 update 7 (build 960)
CPU DLL:         SARMCM3.DLL V5.33.0.0
Dialog DLL:      DCM.DLL V1.17.3.0
Target DLL:      CMSIS_AGDI.dll V1.32.12.0
Dialog DLL:      TCM.DLL V1.48.0.0
 
<h2>Project:</h2>
C:\Users\aoc11\Desktop\MotorControlSTBL0918\Project\RVMDK£¨uv5£©\Fire_H743V.uvprojx
Project File Date:  09/24/2023

<h2>Output:</h2>
*** Using Compiler 'V5.06 update 7 (build 960)', folder: 'D:\Keil_v5\ARM\ARMCC\Bin'
Build target 'Fire_H7'
compiling step2.c...
compiling bsp_bldc__tim.c...
compiling bsp_usart_test.c...
..\..\User\usart_test\bsp_usart_test.c(291): warning:  #550-D: variable "header_CRC_Ready_flat"  was set but never used
      uint8_t header_CRC_Ready_flat;
..\..\User\usart_test\bsp_usart_test.c: 1 warning, 0 errors
linking...
Program Size: Code=26576 RO-data=712 RW-data=148 ZI-data=1540  
FromELF: creating hex file...
"..\..\Output\Fire_H7.axf" - 0 Error(s), 1 Warning(s).

<h2>Software Packages used:</h2>

Package Vendor: Keil
                https://www.keil.com/pack/Keil.STM32H7xx_DFP.2.6.0.pack
                Keil.STM32H7xx_DFP.2.6.0
                STMicroelectronics STM32H7 Series Device Support and Examples

<h2>Collection of Component include folders:</h2>
  D:\Users\aoc11\AppData\Local\Arm\Packs\Keil\STM32H7xx_DFP\2.6.0\Drivers\CMSIS\Device\ST\STM32H7xx\Include

<h2>Collection of Component Files used:</h2>
Build Time Elapsed:  00:00:04
</pre>
</body>
</html>
